// Jest Snapshot v1, https://goo.gl/fbAQLP

exports[`Description.js renders correctly 1`] = `ShallowWrapper {}`;
