// Jest Snapshot v1, https://goo.gl/fbAQLP

exports[`InputSelect.js renders correctly 1`] = `ShallowWrapper {}`;
